[2026-09-17T13:09:59.826+0000] {local_task_job_runner.py:120} INFO - ::group::Pre task execution logs
[2026-09-17T13:09:59.841+0000] {taskinstance.py:2076} INFO - Dependencies all met for dep_context=non-requeueable deps ti=<TaskInstance: load_transform_data_DAG.transform_staged_data manual__2026-09-17T13:09:54.906200+00:00 [queued]>
[2026-09-17T13:09:59.962+0000] {taskinstance.py:2076} INFO - Dependencies all met for dep_context=requeueable deps ti=<TaskInstance: load_transform_data_DAG.transform_staged_data manual__2026-09-17T13:09:54.906200+00:00 [queued]>
[2026-09-17T13:09:59.962+0000] {taskinstance.py:2306} INFO - Starting attempt 1 of 1
[2026-09-17T13:09:59.969+0000] {taskinstance.py:2330} INFO - Executing <Task(PythonOperator): transform_staged_data> on 2026-09-17 13:09:54.906200+00:00
[2026-09-17T13:09:59.975+0000] {warnings.py:112} WARNING - /home/airflow/.local/lib/python3.12/site-packages/airflow/task/task_runner/standard_task_runner.py:61: DeprecationWarning: This process (pid=4322) is multi-threaded, use of fork() may lead to deadlocks in the child.
  pid = os.fork()

[2026-09-17T13:09:59.976+0000] {standard_task_runner.py:63} INFO - Started process 4324 to run task
[2026-09-17T13:09:59.976+0000] {standard_task_runner.py:90} INFO - Running: ['airflow', 'tasks', 'run', 'load_transform_data_DAG', 'transform_staged_data', 'manual__2026-09-17T13:09:54.906200+00:00', '--job-id', '72', '--raw', '--subdir', 'DAGS_FOLDER/transformation_DAG.py', '--cfg-path', '/tmp/tmpa8z6o5b_']
[2026-09-17T13:09:59.978+0000] {standard_task_runner.py:91} INFO - Job 72: Subtask transform_staged_data
[2026-09-17T13:10:00.005+0000] {task_command.py:426} INFO - Running <TaskInstance: load_transform_data_DAG.transform_staged_data manual__2026-09-17T13:09:54.906200+00:00 [running]> on host 2743b649566e
[2026-09-17T13:10:00.066+0000] {taskinstance.py:2648} INFO - Exporting env vars: AIRFLOW_CTX_DAG_OWNER='airflow' AIRFLOW_CTX_DAG_ID='load_transform_data_DAG' AIRFLOW_CTX_TASK_ID='transform_staged_data' AIRFLOW_CTX_EXECUTION_DATE='2026-09-17T13:09:54.906200+00:00' AIRFLOW_CTX_TRY_NUMBER='1' AIRFLOW_CTX_DAG_RUN_ID='manual__2026-09-17T13:09:54.906200+00:00'
[2026-09-17T13:10:00.067+0000] {taskinstance.py:430} INFO - ::endgroup::
[2026-09-17T13:10:00.075+0000] {logging_mixin.py:188} INFO - <class 'list'>
[2026-09-17T13:10:00.093+0000] {logging_mixin.py:188} INFO -          videoId  ... commentCount
0    YTe-cpDgyKs  ...           46
1    _hxdZtXTDSw  ...           84
2    j6Zt6cyJSXc  ...           78
3    580DxF2M7EE  ...           35
4    eGvUK-3RmDs  ...           54
..           ...  ...          ...
692  d9gDx35TdNI  ...            5
693  oWB666_8lKo  ...            4
694  aKiuNhNjrgA  ...            2
695  y5Fs9nOmFqE  ...            2
696  LyJkcv_rL9Y  ...           40

[697 rows x 7 columns]
[2026-09-17T13:10:00.093+0000] {python.py:237} INFO - Done. Returned value was:          videoId  ... commentCount
0    YTe-cpDgyKs  ...           46
1    _hxdZtXTDSw  ...           84
2    j6Zt6cyJSXc  ...           78
3    580DxF2M7EE  ...           35
4    eGvUK-3RmDs  ...           54
..           ...  ...          ...
692  d9gDx35TdNI  ...            5
693  oWB666_8lKo  ...            4
694  aKiuNhNjrgA  ...            2
695  y5Fs9nOmFqE  ...            2
696  LyJkcv_rL9Y  ...           40

[697 rows x 7 columns]
[2026-09-17T13:10:00.100+0000] {taskinstance.py:441} INFO - ::group::Post task execution logs
[2026-09-17T13:10:00.172+0000] {taskinstance.py:1206} INFO - Marking task as SUCCESS. dag_id=load_transform_data_DAG, task_id=transform_staged_data, run_id=manual__2026-09-17T13:09:54.906200+00:00, execution_date=20260917T130954, start_date=20260917T130959, end_date=20260917T131000
[2026-09-17T13:10:00.188+0000] {local_task_job_runner.py:240} INFO - Task exited with return code 0
[2026-09-17T13:10:00.198+0000] {taskinstance.py:3503} INFO - 0 downstream tasks scheduled from follow-on schedule check
[2026-09-17T13:10:00.199+0000] {local_task_job_runner.py:222} INFO - ::endgroup::
