[2026-09-17T10:30:48.706+0000] {local_task_job_runner.py:120} INFO - ::group::Pre task execution logs
[2026-09-17T10:30:48.720+0000] {taskinstance.py:2076} INFO - Dependencies all met for dep_context=non-requeueable deps ti=<TaskInstance: extraction_DAG.get_playlist_details_and_videos manual__2026-09-17T10:30:44.982643+00:00 [queued]>
[2026-09-17T10:30:48.726+0000] {taskinstance.py:2076} INFO - Dependencies all met for dep_context=requeueable deps ti=<TaskInstance: extraction_DAG.get_playlist_details_and_videos manual__2026-09-17T10:30:44.982643+00:00 [queued]>
[2026-09-17T10:30:48.726+0000] {taskinstance.py:2306} INFO - Starting attempt 1 of 1
[2026-09-17T10:30:48.849+0000] {taskinstance.py:2330} INFO - Executing <Task(PythonOperator): get_playlist_details_and_videos> on 2026-09-17 10:30:44.982643+00:00
[2026-09-17T10:30:48.856+0000] {warnings.py:112} WARNING - /home/airflow/.local/lib/python3.12/site-packages/airflow/task/task_runner/standard_task_runner.py:61: DeprecationWarning: This process (pid=2064) is multi-threaded, use of fork() may lead to deadlocks in the child.
  pid = os.fork()

[2026-09-17T10:30:48.856+0000] {standard_task_runner.py:63} INFO - Started process 2066 to run task
[2026-09-17T10:30:48.857+0000] {standard_task_runner.py:90} INFO - Running: ['airflow', 'tasks', 'run', 'extraction_DAG', 'get_playlist_details_and_videos', 'manual__2026-09-17T10:30:44.982643+00:00', '--job-id', '18', '--raw', '--subdir', 'DAGS_FOLDER/extraction_DAG.py', '--cfg-path', '/tmp/tmp24y74sy2']
[2026-09-17T10:30:48.858+0000] {standard_task_runner.py:91} INFO - Job 18: Subtask get_playlist_details_and_videos
[2026-09-17T10:30:48.884+0000] {task_command.py:426} INFO - Running <TaskInstance: extraction_DAG.get_playlist_details_and_videos manual__2026-09-17T10:30:44.982643+00:00 [running]> on host 2743b649566e
[2026-09-17T10:30:48.934+0000] {taskinstance.py:2648} INFO - Exporting env vars: AIRFLOW_CTX_DAG_OWNER='airflow' AIRFLOW_CTX_DAG_ID='extraction_DAG' AIRFLOW_CTX_TASK_ID='get_playlist_details_and_videos' AIRFLOW_CTX_EXECUTION_DATE='2026-09-17T10:30:44.982643+00:00' AIRFLOW_CTX_TRY_NUMBER='1' AIRFLOW_CTX_DAG_RUN_ID='manual__2026-09-17T10:30:44.982643+00:00'
[2026-09-17T10:30:48.934+0000] {taskinstance.py:430} INFO - ::endgroup::
[2026-09-17T10:30:49.928+0000] {taskinstance.py:441} INFO - ::group::Post task execution logs
[2026-09-17T10:30:49.928+0000] {taskinstance.py:2905} ERROR - Task failed with exception
Traceback (most recent call last):
  File "/home/airflow/.local/lib/python3.12/site-packages/airflow/models/taskinstance.py", line 465, in _execute_task
    result = _execute_callable(context=context, **execute_callable_kwargs)
             ^^^^^^^^^^^^^^^^^^^^^^^^^^^^^^^^^^^^^^^^^^^^^^^^^^^^^^^^^^^^^
  File "/home/airflow/.local/lib/python3.12/site-packages/airflow/models/taskinstance.py", line 432, in _execute_callable
    return execute_callable(context=context, **execute_callable_kwargs)
           ^^^^^^^^^^^^^^^^^^^^^^^^^^^^^^^^^^^^^^^^^^^^^^^^^^^^^^^^^^^^
  File "/home/airflow/.local/lib/python3.12/site-packages/airflow/models/baseoperator.py", line 401, in wrapper
    return func(self, *args, **kwargs)
           ^^^^^^^^^^^^^^^^^^^^^^^^^^^
  File "/home/airflow/.local/lib/python3.12/site-packages/airflow/operators/python.py", line 235, in execute
    return_value = self.execute_callable()
                   ^^^^^^^^^^^^^^^^^^^^^^^
  File "/home/airflow/.local/lib/python3.12/site-packages/airflow/operators/python.py", line 252, in execute_callable
    return self.python_callable(*self.op_args, **self.op_kwargs)
           ^^^^^^^^^^^^^^^^^^^^^^^^^^^^^^^^^^^^^^^^^^^^^^^^^^^^^
  File "/opt/airflow/include/extract.py", line 60, in getPlaylistDetails
    BUFFER.append(getVidDetails(detailsList))
                  ^^^^^^^^^^^^^^^^^^^^^^^^^^
  File "/opt/airflow/include/extract.py", line 71, in getVidDetails
    for i in json:
TypeError: 'module' object is not iterable
[2026-09-17T10:30:49.934+0000] {taskinstance.py:1206} INFO - Marking task as FAILED. dag_id=extraction_DAG, task_id=get_playlist_details_and_videos, run_id=manual__2026-09-17T10:30:44.982643+00:00, execution_date=20260917T103044, start_date=20260917T103048, end_date=20260917T103049
[2026-09-17T10:30:49.941+0000] {standard_task_runner.py:110} ERROR - Failed to execute job 18 for task get_playlist_details_and_videos ('module' object is not iterable; 2066)
[2026-09-17T10:30:49.952+0000] {local_task_job_runner.py:240} INFO - Task exited with return code 1
[2026-09-17T10:30:49.966+0000] {taskinstance.py:3503} INFO - 0 downstream tasks scheduled from follow-on schedule check
[2026-09-17T10:30:49.968+0000] {local_task_job_runner.py:222} INFO - ::endgroup::
