[2026-09-17T15:02:01.363+0000] {local_task_job_runner.py:120} INFO - ::group::Pre task execution logs
[2026-09-17T15:02:01.379+0000] {taskinstance.py:2076} INFO - Dependencies all met for dep_context=non-requeueable deps ti=<TaskInstance: load_transform_data_DAG.transform_staged_data manual__2026-09-17T15:01:57.050861+00:00 [queued]>
[2026-09-17T15:02:01.514+0000] {taskinstance.py:2076} INFO - Dependencies all met for dep_context=requeueable deps ti=<TaskInstance: load_transform_data_DAG.transform_staged_data manual__2026-09-17T15:01:57.050861+00:00 [queued]>
[2026-09-17T15:02:01.514+0000] {taskinstance.py:2306} INFO - Starting attempt 1 of 1
[2026-09-17T15:02:01.522+0000] {taskinstance.py:2330} INFO - Executing <Task(PythonOperator): transform_staged_data> on 2026-09-17 15:01:57.050861+00:00
[2026-09-17T15:02:01.528+0000] {warnings.py:112} WARNING - /home/airflow/.local/lib/python3.12/site-packages/airflow/task/task_runner/standard_task_runner.py:61: DeprecationWarning: This process (pid=5940) is multi-threaded, use of fork() may lead to deadlocks in the child.
  pid = os.fork()

[2026-09-17T15:02:01.528+0000] {standard_task_runner.py:63} INFO - Started process 5942 to run task
[2026-09-17T15:02:01.529+0000] {standard_task_runner.py:90} INFO - Running: ['airflow', 'tasks', 'run', 'load_transform_data_DAG', 'transform_staged_data', 'manual__2026-09-17T15:01:57.050861+00:00', '--job-id', '101', '--raw', '--subdir', 'DAGS_FOLDER/transformation_DAG.py', '--cfg-path', '/tmp/tmp4ipf31gk']
[2026-09-17T15:02:01.530+0000] {standard_task_runner.py:91} INFO - Job 101: Subtask transform_staged_data
[2026-09-17T15:02:01.556+0000] {task_command.py:426} INFO - Running <TaskInstance: load_transform_data_DAG.transform_staged_data manual__2026-09-17T15:01:57.050861+00:00 [running]> on host 2743b649566e
[2026-09-17T15:02:01.619+0000] {taskinstance.py:2648} INFO - Exporting env vars: AIRFLOW_CTX_DAG_OWNER='airflow' AIRFLOW_CTX_DAG_ID='load_transform_data_DAG' AIRFLOW_CTX_TASK_ID='transform_staged_data' AIRFLOW_CTX_EXECUTION_DATE='2026-09-17T15:01:57.050861+00:00' AIRFLOW_CTX_TRY_NUMBER='1' AIRFLOW_CTX_DAG_RUN_ID='manual__2026-09-17T15:01:57.050861+00:00'
[2026-09-17T15:02:01.620+0000] {taskinstance.py:430} INFO - ::endgroup::
[2026-09-17T15:02:01.628+0000] {logging_mixin.py:188} INFO - <class 'list'>
[2026-09-17T15:02:01.639+0000] {python.py:237} INFO - Done. Returned value was:          videoId  ... commentCount
0    01fo-fmJYKo  ...          129
1    CqEoH1rM3Ew  ...           35
2    DMuahT5Ae08  ...           70
3    YAQJ5QPr7j4  ...          120
4    9wAFshF7Pu4  ...          120
..           ...  ...          ...
692  glGbw50Vn_g  ...            1
693  YL-UeqCT83Y  ...            6
694  2YSztlmgpks  ...            3
695  iL--xqGgd0g  ...           13
696  y5Fs9nOmFqE  ...            2

[697 rows x 7 columns]
[2026-09-17T15:02:01.649+0000] {taskinstance.py:441} INFO - ::group::Post task execution logs
[2026-09-17T15:02:01.678+0000] {taskinstance.py:1206} INFO - Marking task as SUCCESS. dag_id=load_transform_data_DAG, task_id=transform_staged_data, run_id=manual__2026-09-17T15:01:57.050861+00:00, execution_date=20260917T150157, start_date=20260917T150201, end_date=20260917T150201
[2026-09-17T15:02:01.701+0000] {local_task_job_runner.py:240} INFO - Task exited with return code 0
[2026-09-17T15:02:01.718+0000] {taskinstance.py:3503} INFO - 1 downstream tasks scheduled from follow-on schedule check
[2026-09-17T15:02:01.719+0000] {local_task_job_runner.py:222} INFO - ::endgroup::
