[2026-09-17T11:10:56.295+0000] {local_task_job_runner.py:120} INFO - ::group::Pre task execution logs
[2026-09-17T11:10:56.312+0000] {taskinstance.py:2076} INFO - Dependencies all met for dep_context=non-requeueable deps ti=<TaskInstance: load_transform_data_DAG.load_data_to_staging manual__2026-09-17T11:10:53.361166+00:00 [queued]>
[2026-09-17T11:10:56.434+0000] {taskinstance.py:2076} INFO - Dependencies all met for dep_context=requeueable deps ti=<TaskInstance: load_transform_data_DAG.load_data_to_staging manual__2026-09-17T11:10:53.361166+00:00 [queued]>
[2026-09-17T11:10:56.434+0000] {taskinstance.py:2306} INFO - Starting attempt 1 of 1
[2026-09-17T11:10:56.442+0000] {taskinstance.py:2330} INFO - Executing <Task(PythonOperator): load_data_to_staging> on 2026-09-17 11:10:53.361166+00:00
[2026-09-17T11:10:56.448+0000] {warnings.py:112} WARNING - /home/airflow/.local/lib/python3.12/site-packages/airflow/task/task_runner/standard_task_runner.py:61: DeprecationWarning: This process (pid=2664) is multi-threaded, use of fork() may lead to deadlocks in the child.
  pid = os.fork()

[2026-09-17T11:10:56.448+0000] {standard_task_runner.py:63} INFO - Started process 2666 to run task
[2026-09-17T11:10:56.449+0000] {standard_task_runner.py:90} INFO - Running: ['airflow', 'tasks', 'run', 'load_transform_data_DAG', 'load_data_to_staging', 'manual__2026-09-17T11:10:53.361166+00:00', '--job-id', '44', '--raw', '--subdir', 'DAGS_FOLDER/transformation_DAG.py', '--cfg-path', '/tmp/tmpgckin5sg']
[2026-09-17T11:10:56.450+0000] {standard_task_runner.py:91} INFO - Job 44: Subtask load_data_to_staging
[2026-09-17T11:10:56.475+0000] {task_command.py:426} INFO - Running <TaskInstance: load_transform_data_DAG.load_data_to_staging manual__2026-09-17T11:10:53.361166+00:00 [running]> on host 2743b649566e
[2026-09-17T11:10:56.522+0000] {taskinstance.py:2648} INFO - Exporting env vars: AIRFLOW_CTX_DAG_OWNER='airflow' AIRFLOW_CTX_DAG_ID='load_transform_data_DAG' AIRFLOW_CTX_TASK_ID='load_data_to_staging' AIRFLOW_CTX_EXECUTION_DATE='2026-09-17T11:10:53.361166+00:00' AIRFLOW_CTX_TRY_NUMBER='1' AIRFLOW_CTX_DAG_RUN_ID='manual__2026-09-17T11:10:53.361166+00:00'
[2026-09-17T11:10:56.524+0000] {taskinstance.py:430} INFO - ::endgroup::
[2026-09-17T11:10:56.543+0000] {taskinstance.py:441} INFO - ::group::Post task execution logs
[2026-09-17T11:10:56.543+0000] {taskinstance.py:2905} ERROR - Task failed with exception
Traceback (most recent call last):
  File "/home/airflow/.local/lib/python3.12/site-packages/airflow/models/taskinstance.py", line 465, in _execute_task
    result = _execute_callable(context=context, **execute_callable_kwargs)
             ^^^^^^^^^^^^^^^^^^^^^^^^^^^^^^^^^^^^^^^^^^^^^^^^^^^^^^^^^^^^^
  File "/home/airflow/.local/lib/python3.12/site-packages/airflow/models/taskinstance.py", line 432, in _execute_callable
    return execute_callable(context=context, **execute_callable_kwargs)
           ^^^^^^^^^^^^^^^^^^^^^^^^^^^^^^^^^^^^^^^^^^^^^^^^^^^^^^^^^^^^
  File "/home/airflow/.local/lib/python3.12/site-packages/airflow/models/baseoperator.py", line 401, in wrapper
    return func(self, *args, **kwargs)
           ^^^^^^^^^^^^^^^^^^^^^^^^^^^
  File "/home/airflow/.local/lib/python3.12/site-packages/airflow/operators/python.py", line 235, in execute
    return_value = self.execute_callable()
                   ^^^^^^^^^^^^^^^^^^^^^^^
  File "/home/airflow/.local/lib/python3.12/site-packages/airflow/operators/python.py", line 252, in execute_callable
    return self.python_callable(*self.op_args, **self.op_kwargs)
           ^^^^^^^^^^^^^^^^^^^^^^^^^^^^^^^^^^^^^^^^^^^^^^^^^^^^^
  File "/opt/airflow/include/load.py", line 42, in load_to_staging
    cur.executemany(
psycopg2.errors.UniqueViolation: duplicate key value violates unique constraint "videos_staging_videoId_key"
DETAIL:  Key ("videoId")=(YTe-cpDgyKs) already exists.

[2026-09-17T11:10:56.549+0000] {taskinstance.py:1206} INFO - Marking task as FAILED. dag_id=load_transform_data_DAG, task_id=load_data_to_staging, run_id=manual__2026-09-17T11:10:53.361166+00:00, execution_date=20260917T111053, start_date=20260917T111056, end_date=20260917T111056
[2026-09-17T11:10:56.555+0000] {standard_task_runner.py:110} ERROR - Failed to execute job 44 for task load_data_to_staging (duplicate key value violates unique constraint "videos_staging_videoId_key"
DETAIL:  Key ("videoId")=(YTe-cpDgyKs) already exists.
; 2666)
[2026-09-17T11:10:56.581+0000] {local_task_job_runner.py:240} INFO - Task exited with return code 1
[2026-09-17T11:10:56.608+0000] {taskinstance.py:3503} INFO - 0 downstream tasks scheduled from follow-on schedule check
[2026-09-17T11:10:56.610+0000] {local_task_job_runner.py:222} INFO - ::endgroup::
