[2026-09-17T10:14:12.300+0000] {local_task_job_runner.py:120} INFO - ::group::Pre task execution logs
[2026-09-17T10:14:12.316+0000] {taskinstance.py:2076} INFO - Dependencies all met for dep_context=non-requeueable deps ti=<TaskInstance: extraction_DAG.get_creator_playlist scheduled__2026-09-17T09:00:00+00:00 [queued]>
[2026-09-17T10:14:12.321+0000] {taskinstance.py:2076} INFO - Dependencies all met for dep_context=requeueable deps ti=<TaskInstance: extraction_DAG.get_creator_playlist scheduled__2026-09-17T09:00:00+00:00 [queued]>
[2026-09-17T10:14:12.321+0000] {taskinstance.py:2306} INFO - Starting attempt 1 of 1
[2026-09-17T10:14:12.453+0000] {taskinstance.py:2330} INFO - Executing <Task(PythonOperator): get_creator_playlist> on 2026-09-17 09:00:00+00:00
[2026-09-17T10:14:12.459+0000] {warnings.py:112} WARNING - /home/airflow/.local/lib/python3.12/site-packages/airflow/task/task_runner/standard_task_runner.py:61: DeprecationWarning: This process (pid=1809) is multi-threaded, use of fork() may lead to deadlocks in the child.
  pid = os.fork()

[2026-09-17T10:14:12.459+0000] {standard_task_runner.py:63} INFO - Started process 1813 to run task
[2026-09-17T10:14:12.460+0000] {standard_task_runner.py:90} INFO - Running: ['airflow', 'tasks', 'run', 'extraction_DAG', 'get_creator_playlist', 'scheduled__2026-09-17T09:00:00+00:00', '--job-id', '5', '--raw', '--subdir', 'DAGS_FOLDER/extraction_DAG.py', '--cfg-path', '/tmp/tmpunah_hkk']
[2026-09-17T10:14:12.461+0000] {standard_task_runner.py:91} INFO - Job 5: Subtask get_creator_playlist
[2026-09-17T10:14:12.487+0000] {task_command.py:426} INFO - Running <TaskInstance: extraction_DAG.get_creator_playlist scheduled__2026-09-17T09:00:00+00:00 [running]> on host 2743b649566e
[2026-09-17T10:14:12.532+0000] {taskinstance.py:2648} INFO - Exporting env vars: AIRFLOW_CTX_DAG_OWNER='airflow' AIRFLOW_CTX_DAG_ID='extraction_DAG' AIRFLOW_CTX_TASK_ID='get_creator_playlist' AIRFLOW_CTX_EXECUTION_DATE='2026-09-17T09:00:00+00:00' AIRFLOW_CTX_TRY_NUMBER='1' AIRFLOW_CTX_DAG_RUN_ID='scheduled__2026-09-17T09:00:00+00:00'
[2026-09-17T10:14:12.533+0000] {taskinstance.py:430} INFO - ::endgroup::
[2026-09-17T10:14:12.806+0000] {taskinstance.py:441} INFO - ::group::Post task execution logs
[2026-09-17T10:14:12.807+0000] {taskinstance.py:2905} ERROR - Task failed with exception
Traceback (most recent call last):
  File "/home/airflow/.local/lib/python3.12/site-packages/airflow/models/taskinstance.py", line 465, in _execute_task
    result = _execute_callable(context=context, **execute_callable_kwargs)
             ^^^^^^^^^^^^^^^^^^^^^^^^^^^^^^^^^^^^^^^^^^^^^^^^^^^^^^^^^^^^^
  File "/home/airflow/.local/lib/python3.12/site-packages/airflow/models/taskinstance.py", line 432, in _execute_callable
    return execute_callable(context=context, **execute_callable_kwargs)
           ^^^^^^^^^^^^^^^^^^^^^^^^^^^^^^^^^^^^^^^^^^^^^^^^^^^^^^^^^^^^
  File "/home/airflow/.local/lib/python3.12/site-packages/airflow/models/baseoperator.py", line 401, in wrapper
    return func(self, *args, **kwargs)
           ^^^^^^^^^^^^^^^^^^^^^^^^^^^
  File "/home/airflow/.local/lib/python3.12/site-packages/airflow/operators/python.py", line 235, in execute
    return_value = self.execute_callable()
                   ^^^^^^^^^^^^^^^^^^^^^^^
  File "/home/airflow/.local/lib/python3.12/site-packages/airflow/operators/python.py", line 252, in execute_callable
    return self.python_callable(*self.op_args, **self.op_kwargs)
           ^^^^^^^^^^^^^^^^^^^^^^^^^^^^^^^^^^^^^^^^^^^^^^^^^^^^^
  File "/opt/airflow/include/extract.py", line 47, in getCreatorPlaylist
    uploads_playlist_id = data["items"][0]["contentDetails"]["relatedPlaylists"]["uploads"]
                          ~~~~^^^^^^^^^
KeyError: 'items'
[2026-09-17T10:14:12.814+0000] {taskinstance.py:1206} INFO - Marking task as FAILED. dag_id=extraction_DAG, task_id=get_creator_playlist, run_id=scheduled__2026-09-17T09:00:00+00:00, execution_date=20260917T090000, start_date=20260917T101412, end_date=20260917T101412
[2026-09-17T10:14:12.821+0000] {standard_task_runner.py:110} ERROR - Failed to execute job 5 for task get_creator_playlist ('items'; 1813)
[2026-09-17T10:14:12.833+0000] {local_task_job_runner.py:240} INFO - Task exited with return code 1
[2026-09-17T10:14:12.850+0000] {taskinstance.py:3503} INFO - 0 downstream tasks scheduled from follow-on schedule check
[2026-09-17T10:14:12.852+0000] {local_task_job_runner.py:222} INFO - ::endgroup::
