[2026-09-17T10:37:26.659+0000] {local_task_job_runner.py:120} INFO - ::group::Pre task execution logs
[2026-09-17T10:37:26.673+0000] {taskinstance.py:2076} INFO - Dependencies all met for dep_context=non-requeueable deps ti=<TaskInstance: extraction_DAG.save_data_to_json manual__2026-09-17T10:36:56.767167+00:00 [queued]>
[2026-09-17T10:37:26.679+0000] {taskinstance.py:2076} INFO - Dependencies all met for dep_context=requeueable deps ti=<TaskInstance: extraction_DAG.save_data_to_json manual__2026-09-17T10:36:56.767167+00:00 [queued]>
[2026-09-17T10:37:26.679+0000] {taskinstance.py:2306} INFO - Starting attempt 1 of 1
[2026-09-17T10:37:26.804+0000] {taskinstance.py:2330} INFO - Executing <Task(PythonOperator): save_data_to_json> on 2026-09-17 10:36:56.767167+00:00
[2026-09-17T10:37:26.810+0000] {warnings.py:112} WARNING - /home/airflow/.local/lib/python3.12/site-packages/airflow/task/task_runner/standard_task_runner.py:61: DeprecationWarning: This process (pid=2174) is multi-threaded, use of fork() may lead to deadlocks in the child.
  pid = os.fork()

[2026-09-17T10:37:26.811+0000] {standard_task_runner.py:63} INFO - Started process 2176 to run task
[2026-09-17T10:37:26.811+0000] {standard_task_runner.py:90} INFO - Running: ['airflow', 'tasks', 'run', 'extraction_DAG', 'save_data_to_json', 'manual__2026-09-17T10:36:56.767167+00:00', '--job-id', '27', '--raw', '--subdir', 'DAGS_FOLDER/extraction_DAG.py', '--cfg-path', '/tmp/tmp54ks47hl']
[2026-09-17T10:37:26.812+0000] {standard_task_runner.py:91} INFO - Job 27: Subtask save_data_to_json
[2026-09-17T10:37:26.839+0000] {task_command.py:426} INFO - Running <TaskInstance: extraction_DAG.save_data_to_json manual__2026-09-17T10:36:56.767167+00:00 [running]> on host 2743b649566e
[2026-09-17T10:37:26.965+0000] {taskinstance.py:2648} INFO - Exporting env vars: AIRFLOW_CTX_DAG_OWNER='airflow' AIRFLOW_CTX_DAG_ID='extraction_DAG' AIRFLOW_CTX_TASK_ID='save_data_to_json' AIRFLOW_CTX_EXECUTION_DATE='2026-09-17T10:36:56.767167+00:00' AIRFLOW_CTX_TRY_NUMBER='1' AIRFLOW_CTX_DAG_RUN_ID='manual__2026-09-17T10:36:56.767167+00:00'
[2026-09-17T10:37:26.965+0000] {taskinstance.py:430} INFO - ::endgroup::
[2026-09-17T10:37:26.974+0000] {taskinstance.py:441} INFO - ::group::Post task execution logs
[2026-09-17T10:37:26.974+0000] {taskinstance.py:2905} ERROR - Task failed with exception
Traceback (most recent call last):
  File "/home/airflow/.local/lib/python3.12/site-packages/airflow/models/taskinstance.py", line 465, in _execute_task
    result = _execute_callable(context=context, **execute_callable_kwargs)
             ^^^^^^^^^^^^^^^^^^^^^^^^^^^^^^^^^^^^^^^^^^^^^^^^^^^^^^^^^^^^^
  File "/home/airflow/.local/lib/python3.12/site-packages/airflow/models/taskinstance.py", line 432, in _execute_callable
    return execute_callable(context=context, **execute_callable_kwargs)
           ^^^^^^^^^^^^^^^^^^^^^^^^^^^^^^^^^^^^^^^^^^^^^^^^^^^^^^^^^^^^
  File "/home/airflow/.local/lib/python3.12/site-packages/airflow/models/baseoperator.py", line 401, in wrapper
    return func(self, *args, **kwargs)
           ^^^^^^^^^^^^^^^^^^^^^^^^^^^
  File "/home/airflow/.local/lib/python3.12/site-packages/airflow/operators/python.py", line 235, in execute
    return_value = self.execute_callable()
                   ^^^^^^^^^^^^^^^^^^^^^^^
  File "/home/airflow/.local/lib/python3.12/site-packages/airflow/operators/python.py", line 252, in execute_callable
    return self.python_callable(*self.op_args, **self.op_kwargs)
           ^^^^^^^^^^^^^^^^^^^^^^^^^^^^^^^^^^^^^^^^^^^^^^^^^^^^^
  File "/opt/airflow/include/extract.py", line 99, in save_to_json
    to_save = loadVidIdToJson(BUFFER)
              ^^^^^^^^^^^^^^^^^^^^^^^
  File "/opt/airflow/include/extract.py", line 84, in loadVidIdToJson
    "videoId": i["id"],
               ~^^^^^^
TypeError: list indices must be integers or slices, not str
[2026-09-17T10:37:26.979+0000] {taskinstance.py:1206} INFO - Marking task as FAILED. dag_id=extraction_DAG, task_id=save_data_to_json, run_id=manual__2026-09-17T10:36:56.767167+00:00, execution_date=20260917T103656, start_date=20260917T103726, end_date=20260917T103726
[2026-09-17T10:37:26.987+0000] {standard_task_runner.py:110} ERROR - Failed to execute job 27 for task save_data_to_json (list indices must be integers or slices, not str; 2176)
[2026-09-17T10:37:27.024+0000] {local_task_job_runner.py:240} INFO - Task exited with return code 1
[2026-09-17T10:37:27.034+0000] {taskinstance.py:3503} INFO - 0 downstream tasks scheduled from follow-on schedule check
[2026-09-17T10:37:27.035+0000] {local_task_job_runner.py:222} INFO - ::endgroup::
