[2026-09-17T13:08:32.124+0000] {local_task_job_runner.py:120} INFO - ::group::Pre task execution logs
[2026-09-17T13:08:32.138+0000] {taskinstance.py:2076} INFO - Dependencies all met for dep_context=non-requeueable deps ti=<TaskInstance: load_transform_data_DAG.transform_staged_data manual__2026-09-17T13:08:28.704858+00:00 [queued]>
[2026-09-17T13:08:32.260+0000] {taskinstance.py:2076} INFO - Dependencies all met for dep_context=requeueable deps ti=<TaskInstance: load_transform_data_DAG.transform_staged_data manual__2026-09-17T13:08:28.704858+00:00 [queued]>
[2026-09-17T13:08:32.260+0000] {taskinstance.py:2306} INFO - Starting attempt 1 of 1
[2026-09-17T13:08:32.268+0000] {taskinstance.py:2330} INFO - Executing <Task(PythonOperator): transform_staged_data> on 2026-09-17 13:08:28.704858+00:00
[2026-09-17T13:08:32.274+0000] {warnings.py:112} WARNING - /home/airflow/.local/lib/python3.12/site-packages/airflow/task/task_runner/standard_task_runner.py:61: DeprecationWarning: This process (pid=4289) is multi-threaded, use of fork() may lead to deadlocks in the child.
  pid = os.fork()

[2026-09-17T13:08:32.274+0000] {standard_task_runner.py:63} INFO - Started process 4291 to run task
[2026-09-17T13:08:32.275+0000] {standard_task_runner.py:90} INFO - Running: ['airflow', 'tasks', 'run', 'load_transform_data_DAG', 'transform_staged_data', 'manual__2026-09-17T13:08:28.704858+00:00', '--job-id', '68', '--raw', '--subdir', 'DAGS_FOLDER/transformation_DAG.py', '--cfg-path', '/tmp/tmpcye97zzp']
[2026-09-17T13:08:32.276+0000] {standard_task_runner.py:91} INFO - Job 68: Subtask transform_staged_data
[2026-09-17T13:08:32.302+0000] {task_command.py:426} INFO - Running <TaskInstance: load_transform_data_DAG.transform_staged_data manual__2026-09-17T13:08:28.704858+00:00 [running]> on host 2743b649566e
[2026-09-17T13:08:32.365+0000] {taskinstance.py:2648} INFO - Exporting env vars: AIRFLOW_CTX_DAG_OWNER='airflow' AIRFLOW_CTX_DAG_ID='load_transform_data_DAG' AIRFLOW_CTX_TASK_ID='transform_staged_data' AIRFLOW_CTX_EXECUTION_DATE='2026-09-17T13:08:28.704858+00:00' AIRFLOW_CTX_TRY_NUMBER='1' AIRFLOW_CTX_DAG_RUN_ID='manual__2026-09-17T13:08:28.704858+00:00'
[2026-09-17T13:08:32.366+0000] {taskinstance.py:430} INFO - ::endgroup::
[2026-09-17T13:08:32.375+0000] {logging_mixin.py:188} INFO - <class 'list'>
[2026-09-17T13:08:32.392+0000] {taskinstance.py:441} INFO - ::group::Post task execution logs
[2026-09-17T13:08:32.392+0000] {taskinstance.py:2905} ERROR - Task failed with exception
Traceback (most recent call last):
  File "/home/airflow/.local/lib/python3.12/site-packages/pandas/core/internals/construction.py", line 939, in _finalize_columns_and_data
    columns = _validate_or_indexify_columns(contents, columns)
              ^^^^^^^^^^^^^^^^^^^^^^^^^^^^^^^^^^^^^^^^^^^^^^^^
  File "/home/airflow/.local/lib/python3.12/site-packages/pandas/core/internals/construction.py", line 986, in _validate_or_indexify_columns
    raise AssertionError(
AssertionError: 7 columns passed, passed data had 8 columns

The above exception was the direct cause of the following exception:

Traceback (most recent call last):
  File "/home/airflow/.local/lib/python3.12/site-packages/airflow/models/taskinstance.py", line 465, in _execute_task
    result = _execute_callable(context=context, **execute_callable_kwargs)
             ^^^^^^^^^^^^^^^^^^^^^^^^^^^^^^^^^^^^^^^^^^^^^^^^^^^^^^^^^^^^^
  File "/home/airflow/.local/lib/python3.12/site-packages/airflow/models/taskinstance.py", line 432, in _execute_callable
    return execute_callable(context=context, **execute_callable_kwargs)
           ^^^^^^^^^^^^^^^^^^^^^^^^^^^^^^^^^^^^^^^^^^^^^^^^^^^^^^^^^^^^
  File "/home/airflow/.local/lib/python3.12/site-packages/airflow/models/baseoperator.py", line 401, in wrapper
    return func(self, *args, **kwargs)
           ^^^^^^^^^^^^^^^^^^^^^^^^^^^
  File "/home/airflow/.local/lib/python3.12/site-packages/airflow/operators/python.py", line 235, in execute
    return_value = self.execute_callable()
                   ^^^^^^^^^^^^^^^^^^^^^^^
  File "/home/airflow/.local/lib/python3.12/site-packages/airflow/operators/python.py", line 252, in execute_callable
    return self.python_callable(*self.op_args, **self.op_kwargs)
           ^^^^^^^^^^^^^^^^^^^^^^^^^^^^^^^^^^^^^^^^^^^^^^^^^^^^^
  File "/opt/airflow/include/transform.py", line 6, in clean_data
    df = pd.DataFrame(data, columns=["videoId", "title", "publishedAt", "duration", "viewCount", "likeCount", "commentCount"])
         ^^^^^^^^^^^^^^^^^^^^^^^^^^^^^^^^^^^^^^^^^^^^^^^^^^^^^^^^^^^^^^^^^^^^^^^^^^^^^^^^^^^^^^^^^^^^^^^^^^^^^^^^^^^^^^^^^^^^^
  File "/home/airflow/.local/lib/python3.12/site-packages/pandas/core/frame.py", line 806, in __init__
    arrays, columns, index = nested_data_to_arrays(
                             ^^^^^^^^^^^^^^^^^^^^^^
  File "/home/airflow/.local/lib/python3.12/site-packages/pandas/core/internals/construction.py", line 520, in nested_data_to_arrays
    arrays, columns = to_arrays(data, columns, dtype=dtype)
                      ^^^^^^^^^^^^^^^^^^^^^^^^^^^^^^^^^^^^^
  File "/home/airflow/.local/lib/python3.12/site-packages/pandas/core/internals/construction.py", line 845, in to_arrays
    content, columns = _finalize_columns_and_data(arr, columns, dtype)
                       ^^^^^^^^^^^^^^^^^^^^^^^^^^^^^^^^^^^^^^^^^^^^^^^
  File "/home/airflow/.local/lib/python3.12/site-packages/pandas/core/internals/construction.py", line 942, in _finalize_columns_and_data
    raise ValueError(err) from err
ValueError: 7 columns passed, passed data had 8 columns
[2026-09-17T13:08:32.402+0000] {taskinstance.py:1206} INFO - Marking task as FAILED. dag_id=load_transform_data_DAG, task_id=transform_staged_data, run_id=manual__2026-09-17T13:08:28.704858+00:00, execution_date=20260917T130828, start_date=20260917T130832, end_date=20260917T130832
[2026-09-17T13:08:32.409+0000] {standard_task_runner.py:110} ERROR - Failed to execute job 68 for task transform_staged_data (7 columns passed, passed data had 8 columns; 4291)
[2026-09-17T13:08:32.447+0000] {local_task_job_runner.py:240} INFO - Task exited with return code 1
[2026-09-17T13:08:32.458+0000] {taskinstance.py:3503} INFO - 0 downstream tasks scheduled from follow-on schedule check
[2026-09-17T13:08:32.459+0000] {local_task_job_runner.py:222} INFO - ::endgroup::
