[2026-09-17T14:56:34.976+0000] {local_task_job_runner.py:120} INFO - ::group::Pre task execution logs
[2026-09-17T14:56:34.992+0000] {taskinstance.py:2076} INFO - Dependencies all met for dep_context=non-requeueable deps ti=<TaskInstance: load_transform_data_DAG.calculate_basic_stats manual__2026-09-17T14:56:28.950486+00:00 [queued]>
[2026-09-17T14:56:35.122+0000] {taskinstance.py:2076} INFO - Dependencies all met for dep_context=requeueable deps ti=<TaskInstance: load_transform_data_DAG.calculate_basic_stats manual__2026-09-17T14:56:28.950486+00:00 [queued]>
[2026-09-17T14:56:35.123+0000] {taskinstance.py:2306} INFO - Starting attempt 1 of 1
[2026-09-17T14:56:35.131+0000] {taskinstance.py:2330} INFO - Executing <Task(PythonOperator): calculate_basic_stats> on 2026-09-17 14:56:28.950486+00:00
[2026-09-17T14:56:35.137+0000] {warnings.py:112} WARNING - /home/airflow/.local/lib/python3.12/site-packages/airflow/task/task_runner/standard_task_runner.py:61: DeprecationWarning: This process (pid=5789) is multi-threaded, use of fork() may lead to deadlocks in the child.
  pid = os.fork()

[2026-09-17T14:56:35.137+0000] {standard_task_runner.py:63} INFO - Started process 5791 to run task
[2026-09-17T14:56:35.138+0000] {standard_task_runner.py:90} INFO - Running: ['airflow', 'tasks', 'run', 'load_transform_data_DAG', 'calculate_basic_stats', 'manual__2026-09-17T14:56:28.950486+00:00', '--job-id', '88', '--raw', '--subdir', 'DAGS_FOLDER/transformation_DAG.py', '--cfg-path', '/tmp/tmppexzzs4h']
[2026-09-17T14:56:35.139+0000] {standard_task_runner.py:91} INFO - Job 88: Subtask calculate_basic_stats
[2026-09-17T14:56:35.164+0000] {task_command.py:426} INFO - Running <TaskInstance: load_transform_data_DAG.calculate_basic_stats manual__2026-09-17T14:56:28.950486+00:00 [running]> on host 2743b649566e
[2026-09-17T14:56:35.252+0000] {taskinstance.py:2648} INFO - Exporting env vars: AIRFLOW_CTX_DAG_OWNER='airflow' AIRFLOW_CTX_DAG_ID='load_transform_data_DAG' AIRFLOW_CTX_TASK_ID='calculate_basic_stats' AIRFLOW_CTX_EXECUTION_DATE='2026-09-17T14:56:28.950486+00:00' AIRFLOW_CTX_TRY_NUMBER='1' AIRFLOW_CTX_DAG_RUN_ID='manual__2026-09-17T14:56:28.950486+00:00'
[2026-09-17T14:56:35.252+0000] {taskinstance.py:430} INFO - ::endgroup::
[2026-09-17T14:56:35.261+0000] {python.py:237} INFO - Done. Returned value was:          videoId  ... percentageOfComenting
0    DMuahT5Ae08  ...            942.857143
1    YAQJ5QPr7j4  ...            775.000000
2    YTe-cpDgyKs  ...            991.304348
3    _hxdZtXTDSw  ...            871.428571
4    j6Zt6cyJSXc  ...           1052.564103
..           ...  ...                   ...
692  glGbw50Vn_g  ...           4200.000000
693  YL-UeqCT83Y  ...            833.333333
694  2YSztlmgpks  ...           1700.000000
695  iL--xqGgd0g  ...           2069.230769
696  y5Fs9nOmFqE  ...           3150.000000

[697 rows x 9 columns]
[2026-09-17T14:56:35.270+0000] {taskinstance.py:441} INFO - ::group::Post task execution logs
[2026-09-17T14:56:35.292+0000] {taskinstance.py:1206} INFO - Marking task as SUCCESS. dag_id=load_transform_data_DAG, task_id=calculate_basic_stats, run_id=manual__2026-09-17T14:56:28.950486+00:00, execution_date=20260917T145628, start_date=20260917T145634, end_date=20260917T145635
[2026-09-17T14:56:35.310+0000] {local_task_job_runner.py:240} INFO - Task exited with return code 0
[2026-09-17T14:56:35.325+0000] {taskinstance.py:3503} INFO - 1 downstream tasks scheduled from follow-on schedule check
[2026-09-17T14:56:35.326+0000] {local_task_job_runner.py:222} INFO - ::endgroup::
