[2026-09-17T14:57:49.385+0000] {local_task_job_runner.py:120} INFO - ::group::Pre task execution logs
[2026-09-17T14:57:49.521+0000] {taskinstance.py:2076} INFO - Dependencies all met for dep_context=non-requeueable deps ti=<TaskInstance: load_transform_data_DAG.load_data_to_core_table manual__2026-09-17T14:57:41.186614+00:00 [queued]>
[2026-09-17T14:57:49.528+0000] {taskinstance.py:2076} INFO - Dependencies all met for dep_context=requeueable deps ti=<TaskInstance: load_transform_data_DAG.load_data_to_core_table manual__2026-09-17T14:57:41.186614+00:00 [queued]>
[2026-09-17T14:57:49.528+0000] {taskinstance.py:2306} INFO - Starting attempt 1 of 1
[2026-09-17T14:57:49.535+0000] {taskinstance.py:2330} INFO - Executing <Task(PythonOperator): load_data_to_core_table> on 2026-09-17 14:57:41.186614+00:00
[2026-09-17T14:57:49.541+0000] {warnings.py:112} WARNING - /home/airflow/.local/lib/python3.12/site-packages/airflow/task/task_runner/standard_task_runner.py:61: DeprecationWarning: This process (pid=5863) is multi-threaded, use of fork() may lead to deadlocks in the child.
  pid = os.fork()

[2026-09-17T14:57:49.542+0000] {standard_task_runner.py:63} INFO - Started process 5865 to run task
[2026-09-17T14:57:49.542+0000] {standard_task_runner.py:90} INFO - Running: ['airflow', 'tasks', 'run', 'load_transform_data_DAG', 'load_data_to_core_table', 'manual__2026-09-17T14:57:41.186614+00:00', '--job-id', '97', '--raw', '--subdir', 'DAGS_FOLDER/transformation_DAG.py', '--cfg-path', '/tmp/tmpaax8i_s4']
[2026-09-17T14:57:49.544+0000] {standard_task_runner.py:91} INFO - Job 97: Subtask load_data_to_core_table
[2026-09-17T14:57:49.568+0000] {task_command.py:426} INFO - Running <TaskInstance: load_transform_data_DAG.load_data_to_core_table manual__2026-09-17T14:57:41.186614+00:00 [running]> on host 2743b649566e
[2026-09-17T14:57:49.661+0000] {taskinstance.py:2648} INFO - Exporting env vars: AIRFLOW_CTX_DAG_OWNER='airflow' AIRFLOW_CTX_DAG_ID='load_transform_data_DAG' AIRFLOW_CTX_TASK_ID='load_data_to_core_table' AIRFLOW_CTX_EXECUTION_DATE='2026-09-17T14:57:41.186614+00:00' AIRFLOW_CTX_TRY_NUMBER='1' AIRFLOW_CTX_DAG_RUN_ID='manual__2026-09-17T14:57:41.186614+00:00'
[2026-09-17T14:57:49.661+0000] {taskinstance.py:430} INFO - ::endgroup::
[2026-09-17T14:57:49.686+0000] {taskinstance.py:441} INFO - ::group::Post task execution logs
[2026-09-17T14:57:49.686+0000] {taskinstance.py:2905} ERROR - Task failed with exception
Traceback (most recent call last):
  File "/home/airflow/.local/lib/python3.12/site-packages/airflow/models/taskinstance.py", line 465, in _execute_task
    result = _execute_callable(context=context, **execute_callable_kwargs)
             ^^^^^^^^^^^^^^^^^^^^^^^^^^^^^^^^^^^^^^^^^^^^^^^^^^^^^^^^^^^^^
  File "/home/airflow/.local/lib/python3.12/site-packages/airflow/models/taskinstance.py", line 432, in _execute_callable
    return execute_callable(context=context, **execute_callable_kwargs)
           ^^^^^^^^^^^^^^^^^^^^^^^^^^^^^^^^^^^^^^^^^^^^^^^^^^^^^^^^^^^^
  File "/home/airflow/.local/lib/python3.12/site-packages/airflow/models/baseoperator.py", line 401, in wrapper
    return func(self, *args, **kwargs)
           ^^^^^^^^^^^^^^^^^^^^^^^^^^^
  File "/home/airflow/.local/lib/python3.12/site-packages/airflow/operators/python.py", line 235, in execute
    return_value = self.execute_callable()
                   ^^^^^^^^^^^^^^^^^^^^^^^
  File "/home/airflow/.local/lib/python3.12/site-packages/airflow/operators/python.py", line 252, in execute_callable
    return self.python_callable(*self.op_args, **self.op_kwargs)
           ^^^^^^^^^^^^^^^^^^^^^^^^^^^^^^^^^^^^^^^^^^^^^^^^^^^^^
  File "/opt/airflow/include/load.py", line 97, in load_to_core
    execute_values(
  File "/home/airflow/.local/lib/python3.12/site-packages/psycopg2/extras.py", line 1299, in execute_values
    cur.execute(b''.join(parts))
psycopg2.errors.NumericValueOutOfRange: integer out of range

[2026-09-17T14:57:49.693+0000] {taskinstance.py:1206} INFO - Marking task as FAILED. dag_id=load_transform_data_DAG, task_id=load_data_to_core_table, run_id=manual__2026-09-17T14:57:41.186614+00:00, execution_date=20260917T145741, start_date=20260917T145749, end_date=20260917T145749
[2026-09-17T14:57:49.700+0000] {standard_task_runner.py:110} ERROR - Failed to execute job 97 for task load_data_to_core_table (integer out of range
; 5865)
[2026-09-17T14:57:49.715+0000] {local_task_job_runner.py:240} INFO - Task exited with return code 1
[2026-09-17T14:57:49.724+0000] {taskinstance.py:3503} INFO - 0 downstream tasks scheduled from follow-on schedule check
[2026-09-17T14:57:49.725+0000] {local_task_job_runner.py:222} INFO - ::endgroup::
