[2026-09-17T11:20:02.449+0000] {local_task_job_runner.py:120} INFO - ::group::Pre task execution logs
[2026-09-17T11:20:02.464+0000] {taskinstance.py:2076} INFO - Dependencies all met for dep_context=non-requeueable deps ti=<TaskInstance: load_transform_data_DAG.transform_staged_data manual__2026-09-17T11:19:58.242063+00:00 [queued]>
[2026-09-17T11:20:02.588+0000] {taskinstance.py:2076} INFO - Dependencies all met for dep_context=requeueable deps ti=<TaskInstance: load_transform_data_DAG.transform_staged_data manual__2026-09-17T11:19:58.242063+00:00 [queued]>
[2026-09-17T11:20:02.589+0000] {taskinstance.py:2306} INFO - Starting attempt 1 of 1
[2026-09-17T11:20:02.596+0000] {taskinstance.py:2330} INFO - Executing <Task(PythonOperator): transform_staged_data> on 2026-09-17 11:19:58.242063+00:00
[2026-09-17T11:20:02.602+0000] {warnings.py:112} WARNING - /home/airflow/.local/lib/python3.12/site-packages/airflow/task/task_runner/standard_task_runner.py:61: DeprecationWarning: This process (pid=2837) is multi-threaded, use of fork() may lead to deadlocks in the child.
  pid = os.fork()

[2026-09-17T11:20:02.603+0000] {standard_task_runner.py:63} INFO - Started process 2839 to run task
[2026-09-17T11:20:02.603+0000] {standard_task_runner.py:90} INFO - Running: ['airflow', 'tasks', 'run', 'load_transform_data_DAG', 'transform_staged_data', 'manual__2026-09-17T11:19:58.242063+00:00', '--job-id', '60', '--raw', '--subdir', 'DAGS_FOLDER/transformation_DAG.py', '--cfg-path', '/tmp/tmpefqhob4m']
[2026-09-17T11:20:02.605+0000] {standard_task_runner.py:91} INFO - Job 60: Subtask transform_staged_data
[2026-09-17T11:20:02.631+0000] {task_command.py:426} INFO - Running <TaskInstance: load_transform_data_DAG.transform_staged_data manual__2026-09-17T11:19:58.242063+00:00 [running]> on host 2743b649566e
[2026-09-17T11:20:02.697+0000] {taskinstance.py:2648} INFO - Exporting env vars: AIRFLOW_CTX_DAG_OWNER='airflow' AIRFLOW_CTX_DAG_ID='load_transform_data_DAG' AIRFLOW_CTX_TASK_ID='transform_staged_data' AIRFLOW_CTX_EXECUTION_DATE='2026-09-17T11:19:58.242063+00:00' AIRFLOW_CTX_TRY_NUMBER='1' AIRFLOW_CTX_DAG_RUN_ID='manual__2026-09-17T11:19:58.242063+00:00'
[2026-09-17T11:20:02.698+0000] {taskinstance.py:430} INFO - ::endgroup::
[2026-09-17T11:20:02.706+0000] {logging_mixin.py:188} INFO - <class 'list'>
[2026-09-17T11:20:02.706+0000] {logging_mixin.py:188} INFO - [33, 'tbPOFYwL7Ss', 'Very Big Integers', '2026-04-12T14:50:39Z', 'PT1H41M47S', '83159', '2332', '257']
[2026-09-17T11:20:02.706+0000] {logging_mixin.py:188} INFO - <class 'list'>
[2026-09-17T11:20:02.706+0000] {python.py:237} INFO - Done. Returned value was: None
[2026-09-17T11:20:02.707+0000] {taskinstance.py:441} INFO - ::group::Post task execution logs
[2026-09-17T11:20:02.712+0000] {taskinstance.py:1206} INFO - Marking task as SUCCESS. dag_id=load_transform_data_DAG, task_id=transform_staged_data, run_id=manual__2026-09-17T11:19:58.242063+00:00, execution_date=20260917T111958, start_date=20260917T112002, end_date=20260917T112002
[2026-09-17T11:20:02.735+0000] {local_task_job_runner.py:240} INFO - Task exited with return code 0
[2026-09-17T11:20:02.746+0000] {taskinstance.py:3503} INFO - 0 downstream tasks scheduled from follow-on schedule check
[2026-09-17T11:20:02.747+0000] {local_task_job_runner.py:222} INFO - ::endgroup::
