[2026-09-17T14:51:02.852+0000] {local_task_job_runner.py:120} INFO - ::group::Pre task execution logs
[2026-09-17T14:51:02.869+0000] {taskinstance.py:2076} INFO - Dependencies all met for dep_context=non-requeueable deps ti=<TaskInstance: load_transform_data_DAG.calculate_basic_stats manual__2026-09-17T14:50:56.929925+00:00 [queued]>
[2026-09-17T14:51:02.996+0000] {taskinstance.py:2076} INFO - Dependencies all met for dep_context=requeueable deps ti=<TaskInstance: load_transform_data_DAG.calculate_basic_stats manual__2026-09-17T14:50:56.929925+00:00 [queued]>
[2026-09-17T14:51:02.996+0000] {taskinstance.py:2306} INFO - Starting attempt 1 of 1
[2026-09-17T14:51:03.005+0000] {taskinstance.py:2330} INFO - Executing <Task(PythonOperator): calculate_basic_stats> on 2026-09-17 14:50:56.929925+00:00
[2026-09-17T14:51:03.011+0000] {warnings.py:112} WARNING - /home/airflow/.local/lib/python3.12/site-packages/airflow/task/task_runner/standard_task_runner.py:61: DeprecationWarning: This process (pid=5680) is multi-threaded, use of fork() may lead to deadlocks in the child.
  pid = os.fork()

[2026-09-17T14:51:03.011+0000] {standard_task_runner.py:63} INFO - Started process 5682 to run task
[2026-09-17T14:51:03.012+0000] {standard_task_runner.py:90} INFO - Running: ['airflow', 'tasks', 'run', 'load_transform_data_DAG', 'calculate_basic_stats', 'manual__2026-09-17T14:50:56.929925+00:00', '--job-id', '81', '--raw', '--subdir', 'DAGS_FOLDER/transformation_DAG.py', '--cfg-path', '/tmp/tmp9d4t7x3z']
[2026-09-17T14:51:03.013+0000] {standard_task_runner.py:91} INFO - Job 81: Subtask calculate_basic_stats
[2026-09-17T14:51:03.038+0000] {task_command.py:426} INFO - Running <TaskInstance: load_transform_data_DAG.calculate_basic_stats manual__2026-09-17T14:50:56.929925+00:00 [running]> on host 2743b649566e
[2026-09-17T14:51:03.145+0000] {taskinstance.py:2648} INFO - Exporting env vars: AIRFLOW_CTX_DAG_OWNER='airflow' AIRFLOW_CTX_DAG_ID='load_transform_data_DAG' AIRFLOW_CTX_TASK_ID='calculate_basic_stats' AIRFLOW_CTX_EXECUTION_DATE='2026-09-17T14:50:56.929925+00:00' AIRFLOW_CTX_TRY_NUMBER='1' AIRFLOW_CTX_DAG_RUN_ID='manual__2026-09-17T14:50:56.929925+00:00'
[2026-09-17T14:51:03.146+0000] {taskinstance.py:430} INFO - ::endgroup::
[2026-09-17T14:51:03.156+0000] {python.py:237} INFO - Done. Returned value was:          videoId  ... percentageOfComenting
0    DMuahT5Ae08  ...            942.857143
1    YAQJ5QPr7j4  ...            775.000000
2    sRGT90fqh4g  ...            586.246418
3    NUhXMgXRBhw  ...            806.722689
4    1p3JUvYGnYw  ...            875.652174
..           ...  ...                   ...
692  glGbw50Vn_g  ...           4200.000000
693  YL-UeqCT83Y  ...            833.333333
694  2YSztlmgpks  ...           1700.000000
695  iL--xqGgd0g  ...           2069.230769
696  y5Fs9nOmFqE  ...           3150.000000

[697 rows x 9 columns]
[2026-09-17T14:51:03.166+0000] {taskinstance.py:441} INFO - ::group::Post task execution logs
[2026-09-17T14:51:03.189+0000] {taskinstance.py:1206} INFO - Marking task as SUCCESS. dag_id=load_transform_data_DAG, task_id=calculate_basic_stats, run_id=manual__2026-09-17T14:50:56.929925+00:00, execution_date=20260917T145056, start_date=20260917T145102, end_date=20260917T145103
[2026-09-17T14:51:03.224+0000] {local_task_job_runner.py:240} INFO - Task exited with return code 0
[2026-09-17T14:51:03.240+0000] {taskinstance.py:3503} INFO - 1 downstream tasks scheduled from follow-on schedule check
[2026-09-17T14:51:03.241+0000] {local_task_job_runner.py:222} INFO - ::endgroup::
