[2026-09-17T11:10:05.662+0000] {local_task_job_runner.py:120} INFO - ::group::Pre task execution logs
[2026-09-17T11:10:05.677+0000] {taskinstance.py:2076} INFO - Dependencies all met for dep_context=non-requeueable deps ti=<TaskInstance: load_transform_data_DAG.make_staging_table manual__2026-09-17T11:10:04.630793+00:00 [queued]>
[2026-09-17T11:10:05.801+0000] {taskinstance.py:2076} INFO - Dependencies all met for dep_context=requeueable deps ti=<TaskInstance: load_transform_data_DAG.make_staging_table manual__2026-09-17T11:10:04.630793+00:00 [queued]>
[2026-09-17T11:10:05.802+0000] {taskinstance.py:2306} INFO - Starting attempt 1 of 1
[2026-09-17T11:10:05.809+0000] {taskinstance.py:2330} INFO - Executing <Task(PythonOperator): make_staging_table> on 2026-09-17 11:10:04.630793+00:00
[2026-09-17T11:10:05.815+0000] {warnings.py:112} WARNING - /home/airflow/.local/lib/python3.12/site-packages/airflow/task/task_runner/standard_task_runner.py:61: DeprecationWarning: This process (pid=2651) is multi-threaded, use of fork() may lead to deadlocks in the child.
  pid = os.fork()

[2026-09-17T11:10:05.816+0000] {standard_task_runner.py:63} INFO - Started process 2653 to run task
[2026-09-17T11:10:05.816+0000] {standard_task_runner.py:90} INFO - Running: ['airflow', 'tasks', 'run', 'load_transform_data_DAG', 'make_staging_table', 'manual__2026-09-17T11:10:04.630793+00:00', '--job-id', '42', '--raw', '--subdir', 'DAGS_FOLDER/transformation_DAG.py', '--cfg-path', '/tmp/tmp58z0cc70']
[2026-09-17T11:10:05.818+0000] {standard_task_runner.py:91} INFO - Job 42: Subtask make_staging_table
[2026-09-17T11:10:05.842+0000] {task_command.py:426} INFO - Running <TaskInstance: load_transform_data_DAG.make_staging_table manual__2026-09-17T11:10:04.630793+00:00 [running]> on host 2743b649566e
[2026-09-17T11:10:05.892+0000] {taskinstance.py:2648} INFO - Exporting env vars: AIRFLOW_CTX_DAG_OWNER='airflow' AIRFLOW_CTX_DAG_ID='load_transform_data_DAG' AIRFLOW_CTX_TASK_ID='make_staging_table' AIRFLOW_CTX_EXECUTION_DATE='2026-09-17T11:10:04.630793+00:00' AIRFLOW_CTX_TRY_NUMBER='1' AIRFLOW_CTX_DAG_RUN_ID='manual__2026-09-17T11:10:04.630793+00:00'
[2026-09-17T11:10:05.894+0000] {taskinstance.py:430} INFO - ::endgroup::
[2026-09-17T11:10:05.902+0000] {taskinstance.py:441} INFO - ::group::Post task execution logs
[2026-09-17T11:10:05.903+0000] {taskinstance.py:2905} ERROR - Task failed with exception
Traceback (most recent call last):
  File "/home/airflow/.local/lib/python3.12/site-packages/airflow/models/taskinstance.py", line 465, in _execute_task
    result = _execute_callable(context=context, **execute_callable_kwargs)
             ^^^^^^^^^^^^^^^^^^^^^^^^^^^^^^^^^^^^^^^^^^^^^^^^^^^^^^^^^^^^^
  File "/home/airflow/.local/lib/python3.12/site-packages/airflow/models/taskinstance.py", line 432, in _execute_callable
    return execute_callable(context=context, **execute_callable_kwargs)
           ^^^^^^^^^^^^^^^^^^^^^^^^^^^^^^^^^^^^^^^^^^^^^^^^^^^^^^^^^^^^
  File "/home/airflow/.local/lib/python3.12/site-packages/airflow/models/baseoperator.py", line 401, in wrapper
    return func(self, *args, **kwargs)
           ^^^^^^^^^^^^^^^^^^^^^^^^^^^
  File "/home/airflow/.local/lib/python3.12/site-packages/airflow/operators/python.py", line 235, in execute
    return_value = self.execute_callable()
                   ^^^^^^^^^^^^^^^^^^^^^^^
  File "/home/airflow/.local/lib/python3.12/site-packages/airflow/operators/python.py", line 252, in execute_callable
    return self.python_callable(*self.op_args, **self.op_kwargs)
           ^^^^^^^^^^^^^^^^^^^^^^^^^^^^^^^^^^^^^^^^^^^^^^^^^^^^^
  File "/opt/airflow/include/load.py", line 21, in create_staging_table
    cur.execute(
psycopg2.InterfaceError: cursor already closed
[2026-09-17T11:10:05.908+0000] {taskinstance.py:1206} INFO - Marking task as FAILED. dag_id=load_transform_data_DAG, task_id=make_staging_table, run_id=manual__2026-09-17T11:10:04.630793+00:00, execution_date=20260917T111004, start_date=20260917T111005, end_date=20260917T111005
[2026-09-17T11:10:05.915+0000] {standard_task_runner.py:110} ERROR - Failed to execute job 42 for task make_staging_table (cursor already closed; 2653)
[2026-09-17T11:10:05.949+0000] {local_task_job_runner.py:240} INFO - Task exited with return code 1
[2026-09-17T11:10:05.963+0000] {taskinstance.py:3503} INFO - 0 downstream tasks scheduled from follow-on schedule check
[2026-09-17T11:10:05.965+0000] {local_task_job_runner.py:222} INFO - ::endgroup::
