[2026-09-17T14:47:48.276+0000] {local_task_job_runner.py:120} INFO - ::group::Pre task execution logs
[2026-09-17T14:47:48.291+0000] {taskinstance.py:2076} INFO - Dependencies all met for dep_context=non-requeueable deps ti=<TaskInstance: load_transform_data_DAG.transform_staged_data manual__2026-09-17T14:47:44.105625+00:00 [queued]>
[2026-09-17T14:47:48.418+0000] {taskinstance.py:2076} INFO - Dependencies all met for dep_context=requeueable deps ti=<TaskInstance: load_transform_data_DAG.transform_staged_data manual__2026-09-17T14:47:44.105625+00:00 [queued]>
[2026-09-17T14:47:48.418+0000] {taskinstance.py:2306} INFO - Starting attempt 1 of 1
[2026-09-17T14:47:48.425+0000] {taskinstance.py:2330} INFO - Executing <Task(PythonOperator): transform_staged_data> on 2026-09-17 14:47:44.105625+00:00
[2026-09-17T14:47:48.432+0000] {warnings.py:112} WARNING - /home/airflow/.local/lib/python3.12/site-packages/airflow/task/task_runner/standard_task_runner.py:61: DeprecationWarning: This process (pid=5623) is multi-threaded, use of fork() may lead to deadlocks in the child.
  pid = os.fork()

[2026-09-17T14:47:48.432+0000] {standard_task_runner.py:63} INFO - Started process 5625 to run task
[2026-09-17T14:47:48.433+0000] {standard_task_runner.py:90} INFO - Running: ['airflow', 'tasks', 'run', 'load_transform_data_DAG', 'transform_staged_data', 'manual__2026-09-17T14:47:44.105625+00:00', '--job-id', '76', '--raw', '--subdir', 'DAGS_FOLDER/transformation_DAG.py', '--cfg-path', '/tmp/tmpli8f_ecn']
[2026-09-17T14:47:48.434+0000] {standard_task_runner.py:91} INFO - Job 76: Subtask transform_staged_data
[2026-09-17T14:47:48.459+0000] {task_command.py:426} INFO - Running <TaskInstance: load_transform_data_DAG.transform_staged_data manual__2026-09-17T14:47:44.105625+00:00 [running]> on host 2743b649566e
[2026-09-17T14:47:48.520+0000] {taskinstance.py:2648} INFO - Exporting env vars: AIRFLOW_CTX_DAG_OWNER='airflow' AIRFLOW_CTX_DAG_ID='load_transform_data_DAG' AIRFLOW_CTX_TASK_ID='transform_staged_data' AIRFLOW_CTX_EXECUTION_DATE='2026-09-17T14:47:44.105625+00:00' AIRFLOW_CTX_TRY_NUMBER='1' AIRFLOW_CTX_DAG_RUN_ID='manual__2026-09-17T14:47:44.105625+00:00'
[2026-09-17T14:47:48.521+0000] {taskinstance.py:430} INFO - ::endgroup::
[2026-09-17T14:47:48.531+0000] {logging_mixin.py:188} INFO - <class 'list'>
[2026-09-17T14:47:48.536+0000] {taskinstance.py:441} INFO - ::group::Post task execution logs
[2026-09-17T14:47:48.536+0000] {taskinstance.py:2905} ERROR - Task failed with exception
Traceback (most recent call last):
  File "/home/airflow/.local/lib/python3.12/site-packages/airflow/models/taskinstance.py", line 465, in _execute_task
    result = _execute_callable(context=context, **execute_callable_kwargs)
             ^^^^^^^^^^^^^^^^^^^^^^^^^^^^^^^^^^^^^^^^^^^^^^^^^^^^^^^^^^^^^
  File "/home/airflow/.local/lib/python3.12/site-packages/airflow/models/taskinstance.py", line 432, in _execute_callable
    return execute_callable(context=context, **execute_callable_kwargs)
           ^^^^^^^^^^^^^^^^^^^^^^^^^^^^^^^^^^^^^^^^^^^^^^^^^^^^^^^^^^^^
  File "/home/airflow/.local/lib/python3.12/site-packages/airflow/models/baseoperator.py", line 401, in wrapper
    return func(self, *args, **kwargs)
           ^^^^^^^^^^^^^^^^^^^^^^^^^^^
  File "/home/airflow/.local/lib/python3.12/site-packages/airflow/operators/python.py", line 235, in execute
    return_value = self.execute_callable()
                   ^^^^^^^^^^^^^^^^^^^^^^^
  File "/home/airflow/.local/lib/python3.12/site-packages/airflow/operators/python.py", line 252, in execute_callable
    return self.python_callable(*self.op_args, **self.op_kwargs)
           ^^^^^^^^^^^^^^^^^^^^^^^^^^^^^^^^^^^^^^^^^^^^^^^^^^^^^
  File "/opt/airflow/include/transform.py", line 9, in clean_data
    df['publishedAt'] = df.to_datetime(df["publishedAt"], format='mixed')
                        ^^^^^^^^^^^^^^
  File "/home/airflow/.local/lib/python3.12/site-packages/pandas/core/generic.py", line 6204, in __getattr__
    return object.__getattribute__(self, name)
           ^^^^^^^^^^^^^^^^^^^^^^^^^^^^^^^^^^^
AttributeError: 'DataFrame' object has no attribute 'to_datetime'
[2026-09-17T14:47:48.551+0000] {taskinstance.py:1206} INFO - Marking task as FAILED. dag_id=load_transform_data_DAG, task_id=transform_staged_data, run_id=manual__2026-09-17T14:47:44.105625+00:00, execution_date=20260917T144744, start_date=20260917T144748, end_date=20260917T144748
[2026-09-17T14:47:48.558+0000] {standard_task_runner.py:110} ERROR - Failed to execute job 76 for task transform_staged_data ('DataFrame' object has no attribute 'to_datetime'; 5625)
[2026-09-17T14:47:48.565+0000] {local_task_job_runner.py:240} INFO - Task exited with return code 1
[2026-09-17T14:47:48.580+0000] {taskinstance.py:3503} INFO - 0 downstream tasks scheduled from follow-on schedule check
[2026-09-17T14:47:48.582+0000] {local_task_job_runner.py:222} INFO - ::endgroup::
