[2026-09-17T10:32:18.976+0000] {local_task_job_runner.py:120} INFO - ::group::Pre task execution logs
[2026-09-17T10:32:18.990+0000] {taskinstance.py:2076} INFO - Dependencies all met for dep_context=non-requeueable deps ti=<TaskInstance: extraction_DAG.get_playlist_details_and_videos manual__2026-09-17T10:32:15.491408+00:00 [queued]>
[2026-09-17T10:32:18.995+0000] {taskinstance.py:2076} INFO - Dependencies all met for dep_context=requeueable deps ti=<TaskInstance: extraction_DAG.get_playlist_details_and_videos manual__2026-09-17T10:32:15.491408+00:00 [queued]>
[2026-09-17T10:32:18.995+0000] {taskinstance.py:2306} INFO - Starting attempt 1 of 1
[2026-09-17T10:32:19.123+0000] {taskinstance.py:2330} INFO - Executing <Task(PythonOperator): get_playlist_details_and_videos> on 2026-09-17 10:32:15.491408+00:00
[2026-09-17T10:32:19.129+0000] {warnings.py:112} WARNING - /home/airflow/.local/lib/python3.12/site-packages/airflow/task/task_runner/standard_task_runner.py:61: DeprecationWarning: This process (pid=2097) is multi-threaded, use of fork() may lead to deadlocks in the child.
  pid = os.fork()

[2026-09-17T10:32:19.130+0000] {standard_task_runner.py:63} INFO - Started process 2099 to run task
[2026-09-17T10:32:19.130+0000] {standard_task_runner.py:90} INFO - Running: ['airflow', 'tasks', 'run', 'extraction_DAG', 'get_playlist_details_and_videos', 'manual__2026-09-17T10:32:15.491408+00:00', '--job-id', '22', '--raw', '--subdir', 'DAGS_FOLDER/extraction_DAG.py', '--cfg-path', '/tmp/tmpvgn4wgav']
[2026-09-17T10:32:19.132+0000] {standard_task_runner.py:91} INFO - Job 22: Subtask get_playlist_details_and_videos
[2026-09-17T10:32:19.157+0000] {task_command.py:426} INFO - Running <TaskInstance: extraction_DAG.get_playlist_details_and_videos manual__2026-09-17T10:32:15.491408+00:00 [running]> on host 2743b649566e
[2026-09-17T10:32:19.208+0000] {taskinstance.py:2648} INFO - Exporting env vars: AIRFLOW_CTX_DAG_OWNER='airflow' AIRFLOW_CTX_DAG_ID='extraction_DAG' AIRFLOW_CTX_TASK_ID='get_playlist_details_and_videos' AIRFLOW_CTX_EXECUTION_DATE='2026-09-17T10:32:15.491408+00:00' AIRFLOW_CTX_TRY_NUMBER='1' AIRFLOW_CTX_DAG_RUN_ID='manual__2026-09-17T10:32:15.491408+00:00'
[2026-09-17T10:32:19.208+0000] {taskinstance.py:430} INFO - ::endgroup::
[2026-09-17T10:32:20.453+0000] {taskinstance.py:441} INFO - ::group::Post task execution logs
[2026-09-17T10:32:20.454+0000] {taskinstance.py:2905} ERROR - Task failed with exception
Traceback (most recent call last):
  File "/home/airflow/.local/lib/python3.12/site-packages/airflow/models/taskinstance.py", line 465, in _execute_task
    result = _execute_callable(context=context, **execute_callable_kwargs)
             ^^^^^^^^^^^^^^^^^^^^^^^^^^^^^^^^^^^^^^^^^^^^^^^^^^^^^^^^^^^^^
  File "/home/airflow/.local/lib/python3.12/site-packages/airflow/models/taskinstance.py", line 432, in _execute_callable
    return execute_callable(context=context, **execute_callable_kwargs)
           ^^^^^^^^^^^^^^^^^^^^^^^^^^^^^^^^^^^^^^^^^^^^^^^^^^^^^^^^^^^^
  File "/home/airflow/.local/lib/python3.12/site-packages/airflow/models/baseoperator.py", line 401, in wrapper
    return func(self, *args, **kwargs)
           ^^^^^^^^^^^^^^^^^^^^^^^^^^^
  File "/home/airflow/.local/lib/python3.12/site-packages/airflow/operators/python.py", line 235, in execute
    return_value = self.execute_callable()
                   ^^^^^^^^^^^^^^^^^^^^^^^
  File "/home/airflow/.local/lib/python3.12/site-packages/airflow/operators/python.py", line 252, in execute_callable
    return self.python_callable(*self.op_args, **self.op_kwargs)
           ^^^^^^^^^^^^^^^^^^^^^^^^^^^^^^^^^^^^^^^^^^^^^^^^^^^^^
  File "/opt/airflow/include/extract.py", line 60, in getPlaylistDetails
    BUFFER.append(getVidDetails(detailsList))
                  ^^^^^^^^^^^^^^^^^^^^^^^^^^
  File "/opt/airflow/include/extract.py", line 72, in getVidDetails
    L.append(i["contentDetails"]["videoId"])
             ~^^^^^^^^^^^^^^^^^^
TypeError: list indices must be integers or slices, not str
[2026-09-17T10:32:20.460+0000] {taskinstance.py:1206} INFO - Marking task as FAILED. dag_id=extraction_DAG, task_id=get_playlist_details_and_videos, run_id=manual__2026-09-17T10:32:15.491408+00:00, execution_date=20260917T103215, start_date=20260917T103218, end_date=20260917T103220
[2026-09-17T10:32:20.467+0000] {standard_task_runner.py:110} ERROR - Failed to execute job 22 for task get_playlist_details_and_videos (list indices must be integers or slices, not str; 2099)
[2026-09-17T10:32:20.506+0000] {local_task_job_runner.py:240} INFO - Task exited with return code 1
[2026-09-17T10:32:20.521+0000] {taskinstance.py:3503} INFO - 0 downstream tasks scheduled from follow-on schedule check
[2026-09-17T10:32:20.524+0000] {local_task_job_runner.py:222} INFO - ::endgroup::
