[2026-09-17T15:02:02.500+0000] {local_task_job_runner.py:120} INFO - ::group::Pre task execution logs
[2026-09-17T15:02:02.517+0000] {taskinstance.py:2076} INFO - Dependencies all met for dep_context=non-requeueable deps ti=<TaskInstance: load_transform_data_DAG.calculate_basic_stats manual__2026-09-17T15:01:57.050861+00:00 [queued]>
[2026-09-17T15:02:02.649+0000] {taskinstance.py:2076} INFO - Dependencies all met for dep_context=requeueable deps ti=<TaskInstance: load_transform_data_DAG.calculate_basic_stats manual__2026-09-17T15:01:57.050861+00:00 [queued]>
[2026-09-17T15:02:02.649+0000] {taskinstance.py:2306} INFO - Starting attempt 1 of 1
[2026-09-17T15:02:02.656+0000] {taskinstance.py:2330} INFO - Executing <Task(PythonOperator): calculate_basic_stats> on 2026-09-17 15:01:57.050861+00:00
[2026-09-17T15:02:02.663+0000] {warnings.py:112} WARNING - /home/airflow/.local/lib/python3.12/site-packages/airflow/task/task_runner/standard_task_runner.py:61: DeprecationWarning: This process (pid=5943) is multi-threaded, use of fork() may lead to deadlocks in the child.
  pid = os.fork()

[2026-09-17T15:02:02.663+0000] {standard_task_runner.py:63} INFO - Started process 5945 to run task
[2026-09-17T15:02:02.664+0000] {standard_task_runner.py:90} INFO - Running: ['airflow', 'tasks', 'run', 'load_transform_data_DAG', 'calculate_basic_stats', 'manual__2026-09-17T15:01:57.050861+00:00', '--job-id', '102', '--raw', '--subdir', 'DAGS_FOLDER/transformation_DAG.py', '--cfg-path', '/tmp/tmpbasg8ekg']
[2026-09-17T15:02:02.665+0000] {standard_task_runner.py:91} INFO - Job 102: Subtask calculate_basic_stats
[2026-09-17T15:02:02.691+0000] {task_command.py:426} INFO - Running <TaskInstance: load_transform_data_DAG.calculate_basic_stats manual__2026-09-17T15:01:57.050861+00:00 [running]> on host 2743b649566e
[2026-09-17T15:02:02.781+0000] {taskinstance.py:2648} INFO - Exporting env vars: AIRFLOW_CTX_DAG_OWNER='airflow' AIRFLOW_CTX_DAG_ID='load_transform_data_DAG' AIRFLOW_CTX_TASK_ID='calculate_basic_stats' AIRFLOW_CTX_EXECUTION_DATE='2026-09-17T15:01:57.050861+00:00' AIRFLOW_CTX_TRY_NUMBER='1' AIRFLOW_CTX_DAG_RUN_ID='manual__2026-09-17T15:01:57.050861+00:00'
[2026-09-17T15:02:02.782+0000] {taskinstance.py:430} INFO - ::endgroup::
[2026-09-17T15:02:02.791+0000] {python.py:237} INFO - Done. Returned value was:          videoId  ... percentageOfComenting
0    01fo-fmJYKo  ...                  0.35
1    CqEoH1rM3Ew  ...                  0.25
2    DMuahT5Ae08  ...                  0.21
3    YAQJ5QPr7j4  ...                  0.34
4    9wAFshF7Pu4  ...                  0.23
..           ...  ...                   ...
692  glGbw50Vn_g  ...                  0.03
693  YL-UeqCT83Y  ...                  0.06
694  2YSztlmgpks  ...                  0.09
695  iL--xqGgd0g  ...                  0.08
696  y5Fs9nOmFqE  ...                  0.05

[697 rows x 9 columns]
[2026-09-17T15:02:02.801+0000] {taskinstance.py:441} INFO - ::group::Post task execution logs
[2026-09-17T15:02:02.821+0000] {taskinstance.py:1206} INFO - Marking task as SUCCESS. dag_id=load_transform_data_DAG, task_id=calculate_basic_stats, run_id=manual__2026-09-17T15:01:57.050861+00:00, execution_date=20260917T150157, start_date=20260917T150202, end_date=20260917T150202
[2026-09-17T15:02:02.836+0000] {local_task_job_runner.py:240} INFO - Task exited with return code 0
[2026-09-17T15:02:02.854+0000] {taskinstance.py:3503} INFO - 1 downstream tasks scheduled from follow-on schedule check
[2026-09-17T15:02:02.855+0000] {local_task_job_runner.py:222} INFO - ::endgroup::
